
> Task :compileJava
gradle : E:\StockResearch\nse-insights\src\main\java\com\kisshore19\nseinsights\service\DataExplorerService.java:150: error: local variables referenced from 
a lambda expression must be final or effectively final
At line:1 char:35
+ ... arch\nse-insights; gradle compileJava 2>&1 > build_output.txt; Get-Co ...
+                        ~~~~~~~~~~~~~~~~~~~~~~~~~~~~~~~~~~~~~~~~~~
    + CategoryInfo          : NotSpecified: (E:\StockResearc...fectively final:String) [], RemoteException
    + FullyQualifiedErrorId : NativeCommandError
 
                        "Stock '" + symbol + "' not found for date: " + searchDate));
                                                                        ^
1 error

> Task :compileJava FAILED

FAILURE: Build failed with an exception.

* What went wrong:
Execution failed for task ':compileJava'.
> Compilation failed; see the compiler error output for details.

* Try:
> Run with --info option to get more log output.
> Run with --scan to get full insights.

BUILD FAILED in 25s
1 actionable task: 1 executed
